// Vitest Snapshot v1, https://vitest.dev/guide/snapshot.html

exports[`Components/FilterInput > スナップショット 1`] = `
<div>
  <label
    class="🐻-92457733"
  >
    <svg
      fill="currentColor"
      height="18"
      stroke="currentColor"
      stroke-width="0"
      viewBox="0 0 24 24"
      width="18"
      xmlns="http://www.w3.org/2000/svg"
    >
      <title>
        検索
      </title>
      <path
        d="M0 0h24v24H0z"
        fill="none"
      />
      <path
        d="M15.5 14h-.79l-.28-.27A6.471 6.471 0 0 0 16 9.5 6.5 6.5 0 1 0 9.5 16c1.61 0 3.09-.59 4.23-1.57l.27.28v.79l5 4.99L20.49 19l-4.99-5zm-6 0C7.01 14 5 11.99 5 9.5S7.01 5 9.5 5 14 7.01 14 9.5 11.99 14 9.5 14z"
      />
    </svg>
    <input
      class="🐻-66788598"
      type="search"
    />
  </label>
</div>
`;
